// Jest Snapshot v1, https://goo.gl/fbAQLP

exports[`graph.TrafficManager should graph properly 1`] = `
Array [
  Object {
    "_data": Object {
      "dnsConfig": Object {
        "fqdn": "prd.toplevel.trafficmanager.net",
        "relativeName": "prd.toplevel",
        "ttl": 60,
      },
      "id": "/subscriptions/94738bcd-b366-4610-8e4e-004d8fab4161/resourceGroups/tntviz-test/providers/Microsoft.Network/trafficManagerProfiles/prd-toplevel",
      "location": "global",
      "monitorConfig": Object {
        "intervalInSeconds": 30,
        "path": "/",
        "port": 80,
        "profileMonitorStatus": "Online",
        "protocol": "HTTP",
        "timeoutInSeconds": 10,
        "toleratedNumberOfFailures": 3,
      },
      "name": "prd-toplevel",
      "profileStatus": "Enabled",
      "trafficRoutingMethod": "Performance",
      "trafficViewEnrollmentStatus": "Disabled",
      "type": "Microsoft.Network/trafficManagerProfiles",
    },
    "children": Array [
      Object {
        "_data": Object {
          "dnsConfig": Object {
            "fqdn": "01.prd-toplevel.trafficmanager.net",
            "relativeName": "01.prd-toplevel",
            "ttl": 60,
          },
          "endpointLocation": "East Asia",
          "endpointMonitorStatus": "Stopped",
          "endpointStatus": "Enabled",
          "id": "/subscriptions/94738bcd-b366-4610-8e4e-004d8fab4161/resourceGroups/tntviz-test/providers/Microsoft.Network/trafficManagerProfiles/01-prd-toplevel",
          "location": "global",
          "minChildEndpoints": 1,
          "monitorConfig": Object {
            "intervalInSeconds": 30,
            "path": "/",
            "port": 80,
            "profileMonitorStatus": "Inactive",
            "protocol": "HTTP",
            "timeoutInSeconds": 10,
            "toleratedNumberOfFailures": 3,
          },
          "name": "01-prd-toplevel",
          "priority": 1,
          "profileStatus": "Enabled",
          "target": "01.prd-toplevel.trafficmanager.net",
          "targetResourceId": "/subscriptions/94738bcd-b366-4610-8e4e-004d8fab4161/resourceGroups/tntviz-test/providers/Microsoft.Network/trafficManagerProfiles/01-prd-toplevel",
          "trafficRoutingMethod": "Performance",
          "trafficViewEnrollmentStatus": "Disabled",
          "type": "Microsoft.Network/trafficManagerProfiles",
          "weight": 1,
        },
        "children": Array [],
      },
      Object {
        "_data": Object {
          "dnsConfig": Object {
            "fqdn": "02.prd-toplevel.trafficmanager.net",
            "relativeName": "02.prd-toplevel",
            "ttl": 60,
          },
          "endpointLocation": "North Europe",
          "endpointMonitorStatus": "Online",
          "endpointStatus": "Enabled",
          "id": "/subscriptions/94738bcd-b366-4610-8e4e-004d8fab4161/resourceGroups/tntviz-test/providers/Microsoft.Network/trafficManagerProfiles/02-prd-toplevel",
          "location": "global",
          "minChildEndpoints": 1,
          "monitorConfig": Object {
            "intervalInSeconds": 30,
            "path": "/",
            "port": 80,
            "profileMonitorStatus": "Degraded",
            "protocol": "HTTP",
            "timeoutInSeconds": 10,
            "toleratedNumberOfFailures": 3,
          },
          "name": "02-prd-toplevel",
          "priority": 2,
          "profileStatus": "Enabled",
          "target": "02.prd-toplevel.trafficmanager.net",
          "targetResourceId": "/subscriptions/94738bcd-b366-4610-8e4e-004d8fab4161/resourceGroups/tntviz-test/providers/Microsoft.Network/trafficManagerProfiles/02-prd-toplevel",
          "trafficRoutingMethod": "Performance",
          "trafficViewEnrollmentStatus": "Disabled",
          "type": "Microsoft.Network/trafficManagerProfiles",
          "weight": 1,
        },
        "children": Array [
          Object {
            "_data": Object {
              "endpointLocation": "Central US",
              "endpointMonitorStatus": "Online",
              "endpointStatus": "Enabled",
              "id": "/subscriptions/94738bcd-b366-4610-8e4e-004d8fab4161/resourceGroups/tntviz-test/providers/Microsoft.Web/sites/test234t132t433t43t23",
              "name": "test1",
              "priority": 1,
              "target": "test234t132t433t43t23.azurewebsites.net",
              "targetResourceId": "/subscriptions/94738bcd-b366-4610-8e4e-004d8fab4161/resourceGroups/tntviz-test/providers/Microsoft.Web/sites/test234t132t433t43t23",
              "type": "Microsoft.Network/trafficManagerProfiles/azureEndpoints",
              "weight": 1,
            },
            "children": Array [],
          },
          Object {
            "_data": Object {
              "endpointLocation": "East US",
              "endpointMonitorStatus": "Degraded",
              "endpointStatus": "Enabled",
              "id": "/subscriptions/94738bcd-b366-4610-8e4e-004d8fab4161/resourceGroups/tntviz-test/providers/Microsoft.Network/trafficManagerProfiles/02-prd-toplevel/externalEndpoints/bengreenier.com",
              "name": "bengreenier.com",
              "priority": 2,
              "target": "bengreenier.com",
              "type": "Microsoft.Network/trafficManagerProfiles/externalEndpoints",
              "weight": 1,
            },
            "children": Array [],
          },
        ],
      },
    ],
  },
  Object {
    "_data": Object {
      "dnsConfig": Object {
        "fqdn": "geo-test-abc-123.trafficmanager.net",
        "relativeName": "geo-test-abc-123",
        "ttl": 60,
      },
      "id": "/subscriptions/94738bcd-b366-4610-8e4e-004d8fab4161/resourceGroups/tntviz-test/providers/Microsoft.Network/trafficManagerProfiles/geo-test-abc-123",
      "location": "global",
      "monitorConfig": Object {
        "intervalInSeconds": 30,
        "path": "/",
        "port": 80,
        "profileMonitorStatus": "Degraded",
        "protocol": "HTTP",
        "timeoutInSeconds": 10,
        "toleratedNumberOfFailures": 3,
      },
      "name": "geo-test-abc-123",
      "profileStatus": "Enabled",
      "trafficRoutingMethod": "Geographic",
      "trafficViewEnrollmentStatus": "Disabled",
      "type": "Microsoft.Network/trafficManagerProfiles",
    },
    "children": Array [
      Object {
        "_data": Object {
          "endpointMonitorStatus": "Degraded",
          "endpointStatus": "Enabled",
          "geoMapping": Array [
            "WORLD",
            "BW",
          ],
          "id": "/subscriptions/94738bcd-b366-4610-8e4e-004d8fab4161/resourceGroups/tntviz-test/providers/Microsoft.Network/trafficManagerProfiles/geo-test-abc-123/externalEndpoints/test1",
          "name": "test1",
          "priority": 1,
          "target": "test1.bengreenier.com",
          "type": "Microsoft.Network/trafficManagerProfiles/externalEndpoints",
          "weight": 1,
        },
        "children": Array [],
      },
    ],
  },
  Object {
    "_data": Object {
      "dnsConfig": Object {
        "fqdn": "psplit.trafficmanager.net",
        "relativeName": "psplit",
        "ttl": 60,
      },
      "id": "/subscriptions/94738bcd-b366-4610-8e4e-004d8fab4161/resourceGroups/tntviz-test/providers/Microsoft.Network/trafficManagerProfiles/psplit",
      "location": "global",
      "monitorConfig": Object {
        "intervalInSeconds": 30,
        "path": "/",
        "port": 80,
        "profileMonitorStatus": "Inactive",
        "protocol": "HTTP",
        "timeoutInSeconds": 10,
        "toleratedNumberOfFailures": 3,
      },
      "name": "psplit",
      "profileStatus": "Enabled",
      "trafficRoutingMethod": "Priority",
      "trafficViewEnrollmentStatus": "Disabled",
      "type": "Microsoft.Network/trafficManagerProfiles",
    },
    "children": Array [],
  },
  Object {
    "_data": Object {
      "dnsConfig": Object {
        "fqdn": "wsplit.trafficmanager.net",
        "relativeName": "wsplit",
        "ttl": 60,
      },
      "id": "/subscriptions/94738bcd-b366-4610-8e4e-004d8fab4161/resourceGroups/tntviz-test/providers/Microsoft.Network/trafficManagerProfiles/wsplit",
      "location": "global",
      "monitorConfig": Object {
        "intervalInSeconds": 30,
        "path": "/",
        "port": 80,
        "profileMonitorStatus": "Inactive",
        "protocol": "HTTP",
        "timeoutInSeconds": 10,
        "toleratedNumberOfFailures": 3,
      },
      "name": "wsplit",
      "profileStatus": "Enabled",
      "trafficRoutingMethod": "Weighted",
      "trafficViewEnrollmentStatus": "Disabled",
      "type": "Microsoft.Network/trafficManagerProfiles",
    },
    "children": Array [],
  },
]
`;
